// Vitest Snapshot v1, https://vitest.dev/guide/snapshot.html

exports[`AppButton Snapshots > renders all sizes snapshot > button-size-default 1`] = `"<button class=\\"inline-flex items-center justify-center gap-2 whitespace-nowrap rounded-sm text-sm font-medium transition-colors focus-visible:outline-none focus-visible:ring-1 focus-visible:ring-zinc-950 disabled:pointer-events-none disabled:opacity-50 [&amp;_svg]:pointer-events-none [&amp;_svg]:size-4 [&amp;_svg]:shrink-0 dark:focus-visible:ring-zinc-300 bg-zinc-900 text-zinc-50 shadow-sm hover:bg-zinc-900/90 dark:bg-zinc-50 dark:text-zinc-900 dark:hover:bg-zinc-50/90 h-9 px-4 py-2\\">default button</button>"`;

exports[`AppButton Snapshots > renders all sizes snapshot > button-size-icon 1`] = `"<button class=\\"inline-flex items-center justify-center gap-2 whitespace-nowrap rounded-sm text-sm font-medium transition-colors focus-visible:outline-none focus-visible:ring-1 focus-visible:ring-zinc-950 disabled:pointer-events-none disabled:opacity-50 [&amp;_svg]:pointer-events-none [&amp;_svg]:size-4 [&amp;_svg]:shrink-0 dark:focus-visible:ring-zinc-300 bg-zinc-900 text-zinc-50 shadow-sm hover:bg-zinc-900/90 dark:bg-zinc-50 dark:text-zinc-900 dark:hover:bg-zinc-50/90 h-9 w-9\\">icon button</button>"`;

exports[`AppButton Snapshots > renders all sizes snapshot > button-size-lg 1`] = `"<button class=\\"inline-flex items-center justify-center gap-2 whitespace-nowrap text-sm font-medium transition-colors focus-visible:outline-none focus-visible:ring-1 focus-visible:ring-zinc-950 disabled:pointer-events-none disabled:opacity-50 [&amp;_svg]:pointer-events-none [&amp;_svg]:size-4 [&amp;_svg]:shrink-0 dark:focus-visible:ring-zinc-300 bg-zinc-900 text-zinc-50 shadow-sm hover:bg-zinc-900/90 dark:bg-zinc-50 dark:text-zinc-900 dark:hover:bg-zinc-50/90 h-10 rounded-sm px-8\\">lg button</button>"`;

exports[`AppButton Snapshots > renders all sizes snapshot > button-size-sm 1`] = `"<button class=\\"inline-flex items-center justify-center gap-2 whitespace-nowrap font-medium transition-colors focus-visible:outline-none focus-visible:ring-1 focus-visible:ring-zinc-950 disabled:pointer-events-none disabled:opacity-50 [&amp;_svg]:pointer-events-none [&amp;_svg]:size-4 [&amp;_svg]:shrink-0 dark:focus-visible:ring-zinc-300 bg-zinc-900 text-zinc-50 shadow-sm hover:bg-zinc-900/90 dark:bg-zinc-50 dark:text-zinc-900 dark:hover:bg-zinc-50/90 h-8 rounded-sm px-3 text-xs\\">sm button</button>"`;

exports[`AppButton Snapshots > renders all sizes snapshot > button-size-xs 1`] = `"<button class=\\"inline-flex items-center justify-center gap-2 whitespace-nowrap font-medium transition-colors focus-visible:outline-none focus-visible:ring-1 focus-visible:ring-zinc-950 disabled:pointer-events-none disabled:opacity-50 [&amp;_svg]:pointer-events-none [&amp;_svg]:shrink-0 dark:focus-visible:ring-zinc-300 bg-zinc-900 text-zinc-50 shadow-sm hover:bg-zinc-900/90 dark:bg-zinc-50 dark:text-zinc-900 dark:hover:bg-zinc-50/90 h-6 text-xs rounded-sm px-2 [&amp;_svg]:size-3\\">xs button</button>"`;

exports[`AppButton Snapshots > renders all variants snapshot > button-variant-default 1`] = `"<button class=\\"inline-flex items-center justify-center gap-2 whitespace-nowrap rounded-sm text-sm font-medium transition-colors focus-visible:outline-none focus-visible:ring-1 focus-visible:ring-zinc-950 disabled:pointer-events-none disabled:opacity-50 [&amp;_svg]:pointer-events-none [&amp;_svg]:size-4 [&amp;_svg]:shrink-0 dark:focus-visible:ring-zinc-300 bg-zinc-900 text-zinc-50 shadow-sm hover:bg-zinc-900/90 dark:bg-zinc-50 dark:text-zinc-900 dark:hover:bg-zinc-50/90 h-9 px-4 py-2\\">default button</button>"`;

exports[`AppButton Snapshots > renders all variants snapshot > button-variant-destructive 1`] = `"<button class=\\"inline-flex items-center justify-center gap-2 whitespace-nowrap rounded-sm text-sm font-medium transition-colors focus-visible:outline-none focus-visible:ring-1 focus-visible:ring-zinc-950 disabled:pointer-events-none disabled:opacity-50 [&amp;_svg]:pointer-events-none [&amp;_svg]:size-4 [&amp;_svg]:shrink-0 dark:focus-visible:ring-zinc-300 bg-red-500 text-zinc-50 shadow-sm hover:bg-red-500/90 dark:bg-red-900 dark:text-zinc-50 dark:hover:bg-red-900/90 h-9 px-4 py-2\\">destructive button</button>"`;

exports[`AppButton Snapshots > renders all variants snapshot > button-variant-ghost 1`] = `"<button class=\\"inline-flex items-center justify-center gap-2 whitespace-nowrap rounded-sm text-sm font-medium transition-colors focus-visible:outline-none focus-visible:ring-1 focus-visible:ring-zinc-950 disabled:pointer-events-none disabled:opacity-50 [&amp;_svg]:pointer-events-none [&amp;_svg]:size-4 [&amp;_svg]:shrink-0 dark:focus-visible:ring-zinc-300 hover:bg-zinc-100 hover:text-zinc-900 dark:hover:bg-zinc-800 dark:hover:text-zinc-50 h-9 px-4 py-2\\">ghost button</button>"`;

exports[`AppButton Snapshots > renders all variants snapshot > button-variant-link 1`] = `"<button class=\\"inline-flex items-center justify-center gap-2 whitespace-nowrap rounded-sm text-sm font-medium transition-colors focus-visible:outline-none focus-visible:ring-1 focus-visible:ring-zinc-950 disabled:pointer-events-none disabled:opacity-50 [&amp;_svg]:pointer-events-none [&amp;_svg]:size-4 [&amp;_svg]:shrink-0 dark:focus-visible:ring-zinc-300 text-zinc-900 underline-offset-4 hover:underline dark:text-zinc-50 h-9 px-4 py-2\\">link button</button>"`;

exports[`AppButton Snapshots > renders all variants snapshot > button-variant-outline 1`] = `"<button class=\\"inline-flex items-center justify-center gap-2 whitespace-nowrap rounded-sm text-sm font-medium transition-colors focus-visible:outline-none focus-visible:ring-1 focus-visible:ring-zinc-950 disabled:pointer-events-none disabled:opacity-50 [&amp;_svg]:pointer-events-none [&amp;_svg]:size-4 [&amp;_svg]:shrink-0 dark:focus-visible:ring-zinc-300 border border-zinc-200 bg-white shadow-sm hover:bg-zinc-100 hover:text-zinc-900 dark:border-zinc-800 dark:bg-zinc-950 dark:hover:bg-zinc-800 dark:hover:text-zinc-50 h-9 px-4 py-2\\">outline button</button>"`;

exports[`AppButton Snapshots > renders all variants snapshot > button-variant-secondary 1`] = `"<button class=\\"inline-flex items-center justify-center gap-2 whitespace-nowrap rounded-sm text-sm font-medium transition-colors focus-visible:outline-none focus-visible:ring-1 focus-visible:ring-zinc-950 disabled:pointer-events-none disabled:opacity-50 [&amp;_svg]:pointer-events-none [&amp;_svg]:size-4 [&amp;_svg]:shrink-0 dark:focus-visible:ring-zinc-300 bg-zinc-100 text-zinc-900 shadow-sm hover:bg-zinc-100/80 dark:bg-zinc-800 dark:text-zinc-50 dark:hover:bg-zinc-800/80 h-9 px-4 py-2\\">secondary button</button>"`;

exports[`AppButton Snapshots > renders button as link snapshot 1`] = `"<a class=\\"inline-flex items-center justify-center gap-2 whitespace-nowrap rounded-sm text-sm font-medium transition-colors focus-visible:outline-none focus-visible:ring-1 focus-visible:ring-zinc-950 disabled:pointer-events-none disabled:opacity-50 [&amp;_svg]:pointer-events-none [&amp;_svg]:size-4 [&amp;_svg]:shrink-0 dark:focus-visible:ring-zinc-300 bg-zinc-900 text-zinc-50 shadow-sm hover:bg-zinc-900/90 dark:bg-zinc-50 dark:text-zinc-900 dark:hover:bg-zinc-50/90 h-9 px-4 py-2\\" href=\\"https://example.com\\">Link Button</a>"`;

exports[`AppButton Snapshots > renders button with custom class snapshot 1`] = `"<button class=\\"inline-flex items-center justify-center gap-2 whitespace-nowrap rounded-sm text-sm font-medium transition-colors focus-visible:outline-none focus-visible:ring-1 focus-visible:ring-zinc-950 disabled:pointer-events-none disabled:opacity-50 [&amp;_svg]:pointer-events-none [&amp;_svg]:size-4 [&amp;_svg]:shrink-0 dark:focus-visible:ring-zinc-300 bg-zinc-900 text-zinc-50 shadow-sm hover:bg-zinc-900/90 dark:bg-zinc-50 dark:text-zinc-900 dark:hover:bg-zinc-50/90 h-9 px-4 py-2 custom-button-class\\">Custom Button</button>"`;

exports[`AppButton Snapshots > renders default button snapshot 1`] = `"<button class=\\"inline-flex items-center justify-center gap-2 whitespace-nowrap rounded-sm text-sm font-medium transition-colors focus-visible:outline-none focus-visible:ring-1 focus-visible:ring-zinc-950 disabled:pointer-events-none disabled:opacity-50 [&amp;_svg]:pointer-events-none [&amp;_svg]:size-4 [&amp;_svg]:shrink-0 dark:focus-visible:ring-zinc-300 bg-zinc-900 text-zinc-50 shadow-sm hover:bg-zinc-900/90 dark:bg-zinc-50 dark:text-zinc-900 dark:hover:bg-zinc-50/90 h-9 px-4 py-2\\">Default Button</button>"`;

exports[`AppButton Snapshots > renders destructive variant snapshot 1`] = `"<button class=\\"inline-flex items-center justify-center gap-2 whitespace-nowrap rounded-sm text-sm font-medium transition-colors focus-visible:outline-none focus-visible:ring-1 focus-visible:ring-zinc-950 disabled:pointer-events-none disabled:opacity-50 [&amp;_svg]:pointer-events-none [&amp;_svg]:size-4 [&amp;_svg]:shrink-0 dark:focus-visible:ring-zinc-300 bg-red-500 text-zinc-50 shadow-sm hover:bg-red-500/90 dark:bg-red-900 dark:text-zinc-50 dark:hover:bg-red-900/90 h-9 px-4 py-2\\">Delete Button</button>"`;

exports[`AppButton Snapshots > renders disabled button snapshot 1`] = `"<button class=\\"inline-flex items-center justify-center gap-2 whitespace-nowrap rounded-sm text-sm font-medium transition-colors focus-visible:outline-none focus-visible:ring-1 focus-visible:ring-zinc-950 disabled:pointer-events-none disabled:opacity-50 [&amp;_svg]:pointer-events-none [&amp;_svg]:size-4 [&amp;_svg]:shrink-0 dark:focus-visible:ring-zinc-300 bg-zinc-900 text-zinc-50 shadow-sm hover:bg-zinc-900/90 dark:bg-zinc-50 dark:text-zinc-900 dark:hover:bg-zinc-50/90 h-9 px-4 py-2\\" disabled=\\"\\">Disabled Button</button>"`;

exports[`AppButton Snapshots > renders icon size snapshot 1`] = `"<button class=\\"inline-flex items-center justify-center gap-2 whitespace-nowrap rounded-sm text-sm font-medium transition-colors focus-visible:outline-none focus-visible:ring-1 focus-visible:ring-zinc-950 disabled:pointer-events-none disabled:opacity-50 [&amp;_svg]:pointer-events-none [&amp;_svg]:size-4 [&amp;_svg]:shrink-0 dark:focus-visible:ring-zinc-300 bg-zinc-900 text-zinc-50 shadow-sm hover:bg-zinc-900/90 dark:bg-zinc-50 dark:text-zinc-900 dark:hover:bg-zinc-50/90 h-9 w-9\\">🚀</button>"`;

exports[`AppButton Snapshots > renders large size snapshot 1`] = `"<button class=\\"inline-flex items-center justify-center gap-2 whitespace-nowrap text-sm font-medium transition-colors focus-visible:outline-none focus-visible:ring-1 focus-visible:ring-zinc-950 disabled:pointer-events-none disabled:opacity-50 [&amp;_svg]:pointer-events-none [&amp;_svg]:size-4 [&amp;_svg]:shrink-0 dark:focus-visible:ring-zinc-300 bg-zinc-900 text-zinc-50 shadow-sm hover:bg-zinc-900/90 dark:bg-zinc-50 dark:text-zinc-900 dark:hover:bg-zinc-50/90 h-10 rounded-sm px-8\\">Large Button</button>"`;

exports[`AppButton Snapshots > renders outline variant snapshot 1`] = `"<button class=\\"inline-flex items-center justify-center gap-2 whitespace-nowrap rounded-sm text-sm font-medium transition-colors focus-visible:outline-none focus-visible:ring-1 focus-visible:ring-zinc-950 disabled:pointer-events-none disabled:opacity-50 [&amp;_svg]:pointer-events-none [&amp;_svg]:size-4 [&amp;_svg]:shrink-0 dark:focus-visible:ring-zinc-300 border border-zinc-200 bg-white shadow-sm hover:bg-zinc-100 hover:text-zinc-900 dark:border-zinc-800 dark:bg-zinc-950 dark:hover:bg-zinc-800 dark:hover:text-zinc-50 h-9 px-4 py-2\\">Outline Button</button>"`;
