// Vitest Snapshot v1, https://vitest.dev/guide/snapshot.html

exports[`AppInput Snapshots > renders all input types snapshot > input-type-email 1`] = `"<input type=\\"email\\" class=\\"flex h-9 w-full rounded-md border border-zinc-200 bg-transparent px-3 py-1 text-sm shadow-sm transition-colors file:border-0 file:bg-transparent file:text-sm file:font-medium placeholder:text-zinc-500 focus-visible:ring-1 focus-visible:ring-zinc-950 focus-visible:outline-none disabled:cursor-not-allowed disabled:opacity-50 dark:border-zinc-800 dark:placeholder:text-zinc-400 dark:focus-visible:ring-zinc-300\\">"`;

exports[`AppInput Snapshots > renders all input types snapshot > input-type-file 1`] = `"<input type=\\"file\\" class=\\"flex h-9 w-full rounded-md border border-zinc-200 bg-transparent px-3 py-1 text-sm shadow-sm transition-colors file:border-0 file:bg-transparent file:text-sm file:font-medium placeholder:text-zinc-500 focus-visible:ring-1 focus-visible:ring-zinc-950 focus-visible:outline-none disabled:cursor-not-allowed disabled:opacity-50 dark:border-zinc-800 dark:placeholder:text-zinc-400 dark:focus-visible:ring-zinc-300\\">"`;

exports[`AppInput Snapshots > renders all input types snapshot > input-type-number 1`] = `"<input type=\\"number\\" class=\\"flex h-9 w-full rounded-md border border-zinc-200 bg-transparent px-3 py-1 text-sm shadow-sm transition-colors file:border-0 file:bg-transparent file:text-sm file:font-medium placeholder:text-zinc-500 focus-visible:ring-1 focus-visible:ring-zinc-950 focus-visible:outline-none disabled:cursor-not-allowed disabled:opacity-50 dark:border-zinc-800 dark:placeholder:text-zinc-400 dark:focus-visible:ring-zinc-300\\">"`;

exports[`AppInput Snapshots > renders all input types snapshot > input-type-password 1`] = `"<input type=\\"password\\" class=\\"flex h-9 w-full rounded-md border border-zinc-200 bg-transparent px-3 py-1 text-sm shadow-sm transition-colors file:border-0 file:bg-transparent file:text-sm file:font-medium placeholder:text-zinc-500 focus-visible:ring-1 focus-visible:ring-zinc-950 focus-visible:outline-none disabled:cursor-not-allowed disabled:opacity-50 dark:border-zinc-800 dark:placeholder:text-zinc-400 dark:focus-visible:ring-zinc-300\\">"`;

exports[`AppInput Snapshots > renders all input types snapshot > input-type-search 1`] = `"<input type=\\"search\\" class=\\"flex h-9 w-full rounded-md border border-zinc-200 bg-transparent px-3 py-1 text-sm shadow-sm transition-colors file:border-0 file:bg-transparent file:text-sm file:font-medium placeholder:text-zinc-500 focus-visible:ring-1 focus-visible:ring-zinc-950 focus-visible:outline-none disabled:cursor-not-allowed disabled:opacity-50 dark:border-zinc-800 dark:placeholder:text-zinc-400 dark:focus-visible:ring-zinc-300\\">"`;

exports[`AppInput Snapshots > renders all input types snapshot > input-type-tel 1`] = `"<input type=\\"tel\\" class=\\"flex h-9 w-full rounded-md border border-zinc-200 bg-transparent px-3 py-1 text-sm shadow-sm transition-colors file:border-0 file:bg-transparent file:text-sm file:font-medium placeholder:text-zinc-500 focus-visible:ring-1 focus-visible:ring-zinc-950 focus-visible:outline-none disabled:cursor-not-allowed disabled:opacity-50 dark:border-zinc-800 dark:placeholder:text-zinc-400 dark:focus-visible:ring-zinc-300\\">"`;

exports[`AppInput Snapshots > renders all input types snapshot > input-type-text 1`] = `"<input type=\\"text\\" class=\\"flex h-9 w-full rounded-md border border-zinc-200 bg-transparent px-3 py-1 text-sm shadow-sm transition-colors file:border-0 file:bg-transparent file:text-sm file:font-medium placeholder:text-zinc-500 focus-visible:ring-1 focus-visible:ring-zinc-950 focus-visible:outline-none disabled:cursor-not-allowed disabled:opacity-50 dark:border-zinc-800 dark:placeholder:text-zinc-400 dark:focus-visible:ring-zinc-300\\">"`;

exports[`AppInput Snapshots > renders all input types snapshot > input-type-url 1`] = `"<input type=\\"url\\" class=\\"flex h-9 w-full rounded-md border border-zinc-200 bg-transparent px-3 py-1 text-sm shadow-sm transition-colors file:border-0 file:bg-transparent file:text-sm file:font-medium placeholder:text-zinc-500 focus-visible:ring-1 focus-visible:ring-zinc-950 focus-visible:outline-none disabled:cursor-not-allowed disabled:opacity-50 dark:border-zinc-800 dark:placeholder:text-zinc-400 dark:focus-visible:ring-zinc-300\\">"`;

exports[`AppInput Snapshots > renders default input snapshot 1`] = `"<input type=\\"text\\" class=\\"flex h-9 w-full rounded-md border border-zinc-200 bg-transparent px-3 py-1 text-sm shadow-sm transition-colors file:border-0 file:bg-transparent file:text-sm file:font-medium placeholder:text-zinc-500 focus-visible:ring-1 focus-visible:ring-zinc-950 focus-visible:outline-none disabled:cursor-not-allowed disabled:opacity-50 dark:border-zinc-800 dark:placeholder:text-zinc-400 dark:focus-visible:ring-zinc-300\\">"`;

exports[`AppInput Snapshots > renders disabled input snapshot 1`] = `"<input type=\\"text\\" class=\\"flex h-9 w-full rounded-md border border-zinc-200 bg-transparent px-3 py-1 text-sm shadow-sm transition-colors file:border-0 file:bg-transparent file:text-sm file:font-medium placeholder:text-zinc-500 focus-visible:ring-1 focus-visible:ring-zinc-950 focus-visible:outline-none disabled:cursor-not-allowed disabled:opacity-50 dark:border-zinc-800 dark:placeholder:text-zinc-400 dark:focus-visible:ring-zinc-300\\" disabled=\\"\\">"`;

exports[`AppInput Snapshots > renders email input snapshot 1`] = `"<input type=\\"email\\" class=\\"flex h-9 w-full rounded-md border border-zinc-200 bg-transparent px-3 py-1 text-sm shadow-sm transition-colors file:border-0 file:bg-transparent file:text-sm file:font-medium placeholder:text-zinc-500 focus-visible:ring-1 focus-visible:ring-zinc-950 focus-visible:outline-none disabled:cursor-not-allowed disabled:opacity-50 dark:border-zinc-800 dark:placeholder:text-zinc-400 dark:focus-visible:ring-zinc-300\\">"`;

exports[`AppInput Snapshots > renders file input snapshot 1`] = `"<input type=\\"file\\" class=\\"flex h-9 w-full rounded-md border border-zinc-200 bg-transparent px-3 py-1 text-sm shadow-sm transition-colors file:border-0 file:bg-transparent file:text-sm file:font-medium placeholder:text-zinc-500 focus-visible:ring-1 focus-visible:ring-zinc-950 focus-visible:outline-none disabled:cursor-not-allowed disabled:opacity-50 dark:border-zinc-800 dark:placeholder:text-zinc-400 dark:focus-visible:ring-zinc-300\\">"`;

exports[`AppInput Snapshots > renders input with custom class snapshot 1`] = `"<input type=\\"text\\" class=\\"flex h-9 w-full rounded-md border border-zinc-200 bg-transparent px-3 py-1 text-sm shadow-sm transition-colors file:border-0 file:bg-transparent file:text-sm file:font-medium placeholder:text-zinc-500 focus-visible:ring-1 focus-visible:ring-zinc-950 focus-visible:outline-none disabled:cursor-not-allowed disabled:opacity-50 dark:border-zinc-800 dark:placeholder:text-zinc-400 dark:focus-visible:ring-zinc-300 custom-input-class\\">"`;

exports[`AppInput Snapshots > renders input with defaultValue snapshot 1`] = `"<input type=\\"text\\" class=\\"flex h-9 w-full rounded-md border border-zinc-200 bg-transparent px-3 py-1 text-sm shadow-sm transition-colors file:border-0 file:bg-transparent file:text-sm file:font-medium placeholder:text-zinc-500 focus-visible:ring-1 focus-visible:ring-zinc-950 focus-visible:outline-none disabled:cursor-not-allowed disabled:opacity-50 dark:border-zinc-800 dark:placeholder:text-zinc-400 dark:focus-visible:ring-zinc-300\\">"`;

exports[`AppInput Snapshots > renders input with placeholder snapshot 1`] = `"<input type=\\"text\\" class=\\"flex h-9 w-full rounded-md border border-zinc-200 bg-transparent px-3 py-1 text-sm shadow-sm transition-colors file:border-0 file:bg-transparent file:text-sm file:font-medium placeholder:text-zinc-500 focus-visible:ring-1 focus-visible:ring-zinc-950 focus-visible:outline-none disabled:cursor-not-allowed disabled:opacity-50 dark:border-zinc-800 dark:placeholder:text-zinc-400 dark:focus-visible:ring-zinc-300\\" placeholder=\\"Enter your text here\\">"`;

exports[`AppInput Snapshots > renders input with value snapshot 1`] = `"<input type=\\"text\\" class=\\"flex h-9 w-full rounded-md border border-zinc-200 bg-transparent px-3 py-1 text-sm shadow-sm transition-colors file:border-0 file:bg-transparent file:text-sm file:font-medium placeholder:text-zinc-500 focus-visible:ring-1 focus-visible:ring-zinc-950 focus-visible:outline-none disabled:cursor-not-allowed disabled:opacity-50 dark:border-zinc-800 dark:placeholder:text-zinc-400 dark:focus-visible:ring-zinc-300\\">"`;

exports[`AppInput Snapshots > renders number input snapshot 1`] = `"<input type=\\"number\\" class=\\"flex h-9 w-full rounded-md border border-zinc-200 bg-transparent px-3 py-1 text-sm shadow-sm transition-colors file:border-0 file:bg-transparent file:text-sm file:font-medium placeholder:text-zinc-500 focus-visible:ring-1 focus-visible:ring-zinc-950 focus-visible:outline-none disabled:cursor-not-allowed disabled:opacity-50 dark:border-zinc-800 dark:placeholder:text-zinc-400 dark:focus-visible:ring-zinc-300\\">"`;
